<html>
  <head>
  </head>
  <body>
    <p>This paragraph uses
      <span class= "class1 class2">classes
      </span>.
    </p>
  </body>
</html> 
