<html>
  <head>
  </head>
  <body>
    <p>A true statement is TRUE.
    </p>
    <p>A false statement is FALSE.
    </p>
  </body>
</html> 
