<html>
  <head>
  </head>
  <body>
    <p>A paragraph with an inline image
      <span class="image">
        <img src= "https://www.thedigitalcatonline.com/images/global/favicon.jpg">
      </span>.
    </p>
  </body>
</html> 
