<html>
  <head>
  </head>
  <body>
    <p>This is an
      <a href="#header-d1ef">internal link
      </a>.
    </p>
    <h1 id="header-d1ef">Header
    </h1>
  </body>
</html> 
