<html>
  <head>
  </head>
  <body>
    <p>Links like there was no
      <a href= "https://www.thedigitalcatonline.com">tomorrow
      </a>.
    </p>
    <p>Also without text:
      <a href= "https://www.thedigitalcatonline.com">https://www.thedigitalcatonline.com
      </a>.
    </p>
    <p>Link text should be parsed
      <a href= "https://example.com">
        <strong>tomorrow
        </strong>
      </a>.
    </p>
  </body>
</html> 
