<html>
  <head>
  </head>
  <body>
    <p>You can use the macro
      <code>mailto
      </code> to format email links. If you need to know more write me at
      <a href= "mailto:info@example.com">info@example.com
      </a>.
    </p>
  </body>
</html> 
