<html>
  <head>
  </head>
  <body>
    <p>This document contains multiple paragraphs.
    </p>
    <p>They are separated by an empty line.
    </p>
  </body>
</html> 
