<html>
  <head>
  </head>
  <body>
    <p>This document contains a single paragraph.
    </p>
  </body>
</html> 
