<html>
  <head>
  </head>
  <body>
    <p>This paragraph contains
      <em>underscore
      </em> text.
    </p>
    <p>This paragraph contains
      <strong>star
      </strong> text.
    </p>
    <p>This paragraph contains
      <sub>tilde
      </sub> text.
    </p>
    <p>This paragraph contains
      <sup>caret
      </sup> text.
    </p>
  </body>
</html> 
