<html>
  <head>
  </head>
  <body>
    <p>This paragraph contains
      <code>verbatim
      </code> text.
    </p>
  </body>
</html> 
