0 0.000000e+00 1.000000e-04 0 single_file little rho vx1 vx2 vx3
1 9.949379e-02 5.419486e-04 194 single_file little rho vx1 vx2 vx3
2 1.995590e-01 5.373072e-04 379 single_file little rho vx1 vx2 vx3
3 2.999441e-01 5.365900e-04 566 single_file little rho vx1 vx2 vx3
4 3.995615e-01 5.424283e-04 751 single_file little rho vx1 vx2 vx3
5 4.995794e-01 5.378764e-04 936 single_file little rho vx1 vx2 vx3
6 5.994796e-01 5.368888e-04 1122 single_file little rho vx1 vx2 vx3
7 6.998928e-01 5.380731e-04 1309 single_file little rho vx1 vx2 vx3
8 7.998824e-01 5.410085e-04 1494 single_file little rho vx1 vx2 vx3
9 8.995201e-01 5.371194e-04 1679 single_file little rho vx1 vx2 vx3
10 1.000000e+00 9.295325e-05 1867 single_file little rho vx1 vx2 vx3
