0 0.000000e+00 1.000000e-06 0 single_file little rho vx1 vx2 vx3 Bx1 Bx2 Bx3 prs
1 4.789324e-03 2.835307e-04 66 single_file little rho vx1 vx2 vx3 Bx1 Bx2 Bx3 prs
2 9.999239e-03 2.373702e-04 86 single_file little rho vx1 vx2 vx3 Bx1 Bx2 Bx3 prs
3 1.480809e-02 2.015105e-04 108 single_file little rho vx1 vx2 vx3 Bx1 Bx2 Bx3 prs
4 1.989368e-02 1.906586e-04 134 single_file little rho vx1 vx2 vx3 Bx1 Bx2 Bx3 prs
5 2.491510e-02 1.813260e-04 161 single_file little rho vx1 vx2 vx3 Bx1 Bx2 Bx3 prs
6 2.991574e-02 1.757478e-04 189 single_file little rho vx1 vx2 vx3 Bx1 Bx2 Bx3 prs
7 3.495191e-02 1.718233e-04 218 single_file little rho vx1 vx2 vx3 Bx1 Bx2 Bx3 prs
8 3.990309e-02 1.687199e-04 247 single_file little rho vx1 vx2 vx3 Bx1 Bx2 Bx3 prs
9 4.493127e-02 1.664146e-04 277 single_file little rho vx1 vx2 vx3 Bx1 Bx2 Bx3 prs
10 4.991123e-02 1.652393e-04 307 single_file little rho vx1 vx2 vx3 Bx1 Bx2 Bx3 prs
11 5.484356e-02 1.635912e-04 337 single_file little rho vx1 vx2 vx3 Bx1 Bx2 Bx3 prs
12 5.989027e-02 1.621896e-04 368 single_file little rho vx1 vx2 vx3 Bx1 Bx2 Bx3 prs
13 6.490670e-02 1.614922e-04 399 single_file little rho vx1 vx2 vx3 Bx1 Bx2 Bx3 prs
14 6.990942e-02 1.611761e-04 430 single_file little rho vx1 vx2 vx3 Bx1 Bx2 Bx3 prs
15 7.489883e-02 1.607321e-04 461 single_file little rho vx1 vx2 vx3 Bx1 Bx2 Bx3 prs
16 7.988156e-02 1.606857e-04 492 single_file little rho vx1 vx2 vx3 Bx1 Bx2 Bx3 prs
17 8.487209e-02 1.613696e-04 523 single_file little rho vx1 vx2 vx3 Bx1 Bx2 Bx3 prs
18 8.988151e-02 1.618539e-04 554 single_file little rho vx1 vx2 vx3 Bx1 Bx2 Bx3 prs
19 9.490594e-02 1.623826e-04 585 single_file little rho vx1 vx2 vx3 Bx1 Bx2 Bx3 prs
20 9.995134e-02 1.631120e-04 616 single_file little rho vx1 vx2 vx3 Bx1 Bx2 Bx3 prs
21 1.048592e-01 1.641546e-04 646 single_file little rho vx1 vx2 vx3 Bx1 Bx2 Bx3 prs
22 1.099614e-01 1.650725e-04 677 single_file little rho vx1 vx2 vx3 Bx1 Bx2 Bx3 prs
23 1.149273e-01 1.654886e-04 707 single_file little rho vx1 vx2 vx3 Bx1 Bx2 Bx3 prs
24 1.198781e-01 1.645724e-04 737 single_file little rho vx1 vx2 vx3 Bx1 Bx2 Bx3 prs
25 1.249679e-01 1.638228e-04 768 single_file little rho vx1 vx2 vx3 Bx1 Bx2 Bx3 prs
26 1.298734e-01 1.631864e-04 798 single_file little rho vx1 vx2 vx3 Bx1 Bx2 Bx3 prs
27 1.349225e-01 1.625516e-04 829 single_file little rho vx1 vx2 vx3 Bx1 Bx2 Bx3 prs
28 1.399544e-01 1.621203e-04 860 single_file little rho vx1 vx2 vx3 Bx1 Bx2 Bx3 prs
29 1.449729e-01 1.616449e-04 891 single_file little rho vx1 vx2 vx3 Bx1 Bx2 Bx3 prs
30 1.500000e-01 2.400871e-05 923 single_file little rho vx1 vx2 vx3 Bx1 Bx2 Bx3 prs
