<html>
  <head>
  </head>
  <body>
    <div class="aside">
      <div class="content">
        <p>This will be rendered
        </p>
      </div>
    </div>
  </body>
</html> 
