<html>
  <head>
  </head>
  <body>
    <div>
      <div class="title"> The title
      </div>
      <div class="content">
        <p>This is a block
        </p>
      </div>
    </div>
  </body>
</html> 
