<html>
  <head>
  </head>
  <body>
    <div class="admonition warning">
      <i class="someicon">
      </i>
      <div class="content">
        <div class="title"> somelabel
        </div>
        <div>
          <p>This is an admonition, which is a specific type of block with a
            <code>class
            </code>, and
            <code>icon
            </code>, and a
            <code>label
            </code> that work as a title. This block is implemented purely through Jinja templates.
          </p>
        </div>
      </div>
    </div>
  </body>
</html> 
