<html>
  <head>
  </head>
  <body>
    <blockquote>
      <p>Some of the newer ones are having trouble because they never really mastered some basic techniques, but theyâ€™re working hard and improving.
      </p>    
      <cite>
        <p>Orson Scott Card,
          <em>Ender's Game
          </em> (1985)
        </p>
      </cite>
    </blockquote>
  </body>
</html> 
