<html>
  <head>
  </head>
  <body>
    <h1 id="header-1-1aa5">Header 1
    </h1>
  </body>
</html> 
