<html>
  <head>
  </head>
  <body>
    <h1 id="header-1-1aa5">Header 1
    </h1>
    <h2 id="header-2-871b">Header 2
    </h2>
    <h3 id="header-3-702d">Header 3
    </h3>
  </body>
</html> 
