<html>
  <head>
  </head>
  <body>
    <p>Under this paragraph there is a horizontal line.
    </p>
    <hr>
    <p>Above this paragraph there is a horizontal line.
    </p>
  </body>
</html> 
