<html>
  <head>
  </head>
  <body>
    <p>This includes an image with a caption
    </p>
    <div class="imageblock">
      <div class="content">
        <img src= "https://images.unsplash.com/photo-1534106474077-f9e9c6f5a47c?ixlib=rb-4.0.3&amp;ixid=MnwxMjA3fDB8MHxwaG90by1wYWdlfHx8fGVufDB8fHx8&amp;auto=format&amp;fit=crop&amp;w=1740&amp;q=80">
        <div class="title"> A beautiful image
        </div>
      </div>
    </div>
  </body>
</html> 
