<html>
  <head>
  </head>
  <body>
    <p>This is an ordered list
    </p>
    <ol start="1">
      <li>Item 1
      </li>
      <li>Item 2
        <ol start="1">
          <li>Item 2.1
          </li>
          <li>Item 2.2
          </li>
        </ol>
      </li>
      <li>Item 3
      </li>
    </ol>
  </body>
</html> 
