<html>
  <head>
  </head>
  <body>
    <h1 id="test-directives-93d4">Test directives
    </h1>
    <p>This file tests Mau directives
    </p>
    <p>This text has been included through a directive
    </p>
  </body>
</html>
