<html>
  <head>
  </head>
  <body>
    <p>A variable can contain Mau code:
      <a href="https://en.wikipedia.org/wiki/42_(number)">https://en.wikipedia.org/wiki/42_(number)
      </a>.
    </p>
    <p>Booleans:  and .
    </p>
    <p>Namespaces with a dotted syntax: 5 and 6.
    </p>
  </body>
</html> 
