<html>
  <head>
  </head>
  <body>
    <p>The Answer to the Ultimate Question of Life, the Universe, and Everything is 42.
    </p>
    <p>Interpolation can be blocked escaping the curly braces: {answer}. This happens automatically in verbatim:
      <code>{answer}
      </code>.
    </p>
  </body>
</html> 
