---
source: src/converters/pip/mod.rs
expression: pip_tools.perform_migration(true)
---
'''
[project]
name = ""
version = "0.0.1"
dependencies = [
    "arrow",
    "httpx[cli,zstd]==0.28.1",
    "uvicorn @ git+https://github.com/encode/uvicorn",
]

[dependency-groups]
dev = [
    "pytest>=8.3.4",
    "ruff==0.8.4",
    "mypy==1.14.1",
    "types-jsonschema==4.23.0.20241208",
]

[tool.uv]
package = false
'''
