---
source: src/converters/poetry/mod.rs
expression: "poetry.perform_migration(true, false,\nDependencyGroupsStrategy::SetDefaultGroups,)"
---
'''
[project]
name = "foobar"
version = "0.0.1"

[tool.ruff]
fix = true

[tool.ruff.format]
preview = true
'''
