---
source: src/converters/poetry/mod.rs
expression: "poetry.perform_migration(true, false,\nDependencyGroupsStrategy::SetDefaultGroups,)"
---
'''
[project]
name = ""
version = "0.0.1"
readme = "README1.md"
'''
