<html>
  <head>
  </head>
  <body>
    <div>
      <div class="title"> Source code
      </div>
      <div class="content">
        <div class="highlight">
          <pre><span></span>This is all literal.

== This is not a header

[These are not attributes]

Some quotes ""
</pre>
        </div>
      </div>
    </div>
  </body>
</html> 
