<html>
  <head>
  </head>
  <body>
    <p>This file contains a footnote
      <sup>[
        <a id= "ref-footnote-1-02376935" href= "#cnt-footnote-1-02376935">1
        </a>]
      </sup>
    </p>
    <div id="_footnotes">
      <div id="cnt-footnote-1-02376935">
        <a href="#ref-footnote-1-02376935">1
        </a>
        <p>This is a footnote
        </p>
      </div>
    </div>
  </body>
</html> 
