<html>
  <head>
  </head>
  <body>
    <p>The solution is [
      <a id="ref-solution-1-ecff30ca" href= "#cnt-solution-1-ecff30ca">1
      </a>].
    </p>
    <p>The solution is [
      <a id="ref-solution-2-0c1e4060" href= "#cnt-solution-2-0c1e4060">2
      </a>].
    </p>
    <div id="_references">
      <div id="cnt-solution-1-ecff30ca">
        <a href="#ref-solution-1-ecff30ca">1
        </a>
        <p>This is the first solution.
        </p>
      </div>
      <div id="cnt-solution-2-0c1e4060">
        <a href="#ref-solution-2-0c1e4060">2
        </a>
        <p>This is the second solution.
        </p>
      </div>
    </div>
  </body>
</html> 
