<html>
  <head>
  </head>
  <body>
    <h1 id="test-toc-4aa7">Test ToC
    </h1>
    <div>
      <ul>
        <li>
          <a href="#test-toc-4aa7">Test ToC
          </a>
        </li>
      </ul>
    </div>
  </body>
</html> 
