<html>
  <head>
  </head>
  <body>
    <h1 id="test-toc-4aa7">Test ToC
    </h1>
    <h2 id="works-as-intended-2f4d">Works as intended
    </h2>
    <p>This file tests that headers work as intended.
    </p>
    <h3 id="more-on-the-toc-709a">More on the ToC
    </h3>
    <p>The ToC is the list of all headers in the file, and it should be possible to include it in any part of it. Like here
    </p>
    <div>
      <ul>
        <li>
          <a href="#test-toc-4aa7">Test ToC
          </a>
          <ul>
            <li>
              <a href="#works-as-intended-2f4d">Works as intended
              </a>
              <ul>
                <li>
                  <a href="#more-on-the-toc-709a">More on the ToC
                  </a>
                </li>
              </ul>
            </li>
            <li>
              <a href="#conclusion-506c">Conclusion
              </a>
            </li>
          </ul>
        </li>
      </ul>
    </div>
    <h2 id="conclusion-506c">Conclusion
    </h2>
    <p>This is another example, the ToC here should be the same as the ToC above.
    </p>
    <div>
      <ul>
        <li>
          <a href="#test-toc-4aa7">Test ToC
          </a>
          <ul>
            <li>
              <a href="#works-as-intended-2f4d">Works as intended
              </a>
              <ul>
                <li>
                  <a href="#more-on-the-toc-709a">More on the ToC
                  </a>
                </li>
              </ul>
            </li>
            <li>
              <a href="#conclusion-506c">Conclusion
              </a>
            </li>
          </ul>
        </li>
      </ul>
    </div>
  </body>
</html> 
